============================= test session starts =============================
platform win32 -- Python 3.13.2, pytest-9.0.2, pluggy-1.6.0 -- C:\Python313\python.exe
cachedir: .pytest_cache
rootdir: E:\Work\Boeing\GlassBox Prompt Optimizer
configfile: pyproject.toml
plugins: anyio-4.12.0
collecting ... collected 21 items

glassbox/tests/test_core.py::test_core_imports PASSED                    [  4%]
glassbox/tests/test_core.py::test_model_imports FAILED                   [  9%]
glassbox/tests/test_core.py::test_rag_imports PASSED                     [ 14%]
glassbox/tests/test_core.py::TestMessage::test_message_to_dict_string_content PASSED [ 19%]
glassbox/tests/test_core.py::TestMessage::test_message_to_dict_list_content PASSED [ 23%]
glassbox/tests/test_core.py::TestOptimizerSession::test_session_creation PASSED [ 28%]
glassbox/tests/test_core.py::TestOptimizerSession::test_session_serialization PASSED [ 33%]
glassbox/tests/test_core.py::TestOptimizerSession::test_candidate_score_aggregate PASSED [ 38%]
glassbox/tests/test_core.py::TestOptimizerSession::test_candidate_human_override PASSED [ 42%]
glassbox/tests/test_core.py::TestBaristaSimulator::test_simulator_init PASSED [ 47%]
glassbox/tests/test_core.py::TestBaristaSimulator::test_retrieve_mock PASSED [ 52%]
glassbox/tests/test_core.py::TestBaristaSimulator::test_noise_injection PASSED [ 57%]
glassbox/tests/test_core.py::TestBaristaSimulator::test_context_assembly PASSED [ 61%]
glassbox/tests/test_core.py::TestEvaluator::test_evaluator_parse_json_response PASSED [ 66%]
glassbox/tests/test_core.py::TestEvaluator::test_evaluator_parse_fallback PASSED [ 71%]
glassbox/tests/test_core.py::TestUtils::test_html_diff PASSED            [ 76%]
glassbox/tests/test_core.py::TestUtils::test_score_badge PASSED          [ 80%]
glassbox/tests/test_core.py::TestUtils::test_traffic_lights PASSED       [ 85%]
glassbox/tests/test_core.py::TestEngines::test_opro_schematic_nodes PASSED [ 90%]
glassbox/tests/test_core.py::TestEngines::test_opro_graphviz_generation PASSED [ 95%]
glassbox/tests/test_core.py::TestEngines::test_engine_registry PASSED    [100%]

================================== FAILURES ===================================
_____________________________ test_model_imports ______________________________

    def test_model_imports():
        """Test that all model classes can be imported."""
        from glassbox.models import (
            EngineType,
            SchematicState,
            TrajectoryEntry,
            TestBenchConfig,
            UnifiedCandidate,
            SessionConfig,
            SessionMetadata,
            OptimizerSession,
        )
>       assert EngineType.OPRO.value == "OPro (Iterative)"
E       AssertionError: assert 'OPRO' == 'OPro (Iterative)'
E         
E         - OPro (Iterative)
E         + OPRO

glassbox\tests\test_core.py:45: AssertionError
============================== warnings summary ===============================
glassbox/tests/test_core.py::TestOptimizerSession::test_session_creation
glassbox/tests/test_core.py::TestOptimizerSession::test_session_serialization
glassbox/tests/test_core.py::TestEngines::test_opro_schematic_nodes
glassbox/tests/test_core.py::TestEngines::test_opro_graphviz_generation
  E:\Work\Boeing\GlassBox Prompt Optimizer\glassbox\models\session.py:70: DeprecationWarning: datetime.datetime.utcnow() is deprecated and scheduled for removal in a future version. Use timezone-aware objects to represent datetimes in UTC: datetime.datetime.now(datetime.UTC).
    timestamp: str = field(default_factory=lambda: datetime.utcnow().isoformat())

-- Docs: https://docs.pytest.org/en/stable/how-to/capture-warnings.html
=========================== short test summary info ===========================
FAILED glassbox/tests/test_core.py::test_model_imports - AssertionError: asse...
================== 1 failed, 20 passed, 4 warnings in 0.72s ===================
